../Middlewares/Third_Party/lvgl/src/misc/lv_math.h:81:23:lv_bezier3	32	static
../Middlewares/Third_Party/lvgl/src/misc/lv_ll.h:85:20:_lv_ll_clear	16	static
../Middlewares/Third_Party/lvgl/src/misc/../core/../draw/../misc/../font/../draw/../stdlib/lv_string.h:65:20:lv_memzero	16	static
../Middlewares/Third_Party/lvgl/src/misc/lv_anim.c:60:6:_lv_anim_core_init	8	static
../Middlewares/Third_Party/lvgl/src/misc/lv_anim.c:69:6:_lv_anim_core_deinit	8	static
../Middlewares/Third_Party/lvgl/src/misc/lv_anim.c:74:6:lv_anim_init	16	static
../Middlewares/Third_Party/lvgl/src/misc/lv_anim.c:85:13:lv_anim_start	24	static
../Middlewares/Third_Party/lvgl/src/misc/lv_anim.c:130:10:lv_anim_get_playtime	24	static
../Middlewares/Third_Party/lvgl/src/misc/lv_anim.c:144:6:lv_anim_delete	24	static
../Middlewares/Third_Party/lvgl/src/misc/lv_anim.c:169:6:lv_anim_delete_all	8	static
../Middlewares/Third_Party/lvgl/src/misc/lv_anim.c:175:13:lv_anim_get	24	static
../Middlewares/Third_Party/lvgl/src/misc/lv_anim.c:187:14:lv_anim_get_timer	4	static
../Middlewares/Third_Party/lvgl/src/misc/lv_anim.c:192:10:lv_anim_count_running	16	static
../Middlewares/Third_Party/lvgl/src/misc/lv_anim.c:201:10:lv_anim_speed_clamped	24	static
../Middlewares/Third_Party/lvgl/src/misc/lv_anim.c:226:10:lv_anim_speed	16	static
../Middlewares/Third_Party/lvgl/src/misc/lv_anim.c:231:6:lv_anim_refr_now	8	static
../Middlewares/Third_Party/lvgl/src/misc/lv_anim.c:236:9:lv_anim_path_linear	32	static
../Middlewares/Third_Party/lvgl/src/misc/lv_anim.c:251:9:lv_anim_path_ease_in	24	static
../Middlewares/Third_Party/lvgl/src/misc/lv_anim.c:257:9:lv_anim_path_ease_out	24	static
../Middlewares/Third_Party/lvgl/src/misc/lv_anim.c:263:9:lv_anim_path_ease_in_out	24	static
../Middlewares/Third_Party/lvgl/src/misc/lv_anim.c:269:9:lv_anim_path_overshoot	24	static
../Middlewares/Third_Party/lvgl/src/misc/lv_anim.c:274:9:lv_anim_path_bounce	40	static
../Middlewares/Third_Party/lvgl/src/misc/lv_anim.c:325:9:lv_anim_path_step	16	static
../Middlewares/Third_Party/lvgl/src/misc/lv_anim.c:333:9:lv_anim_path_custom_bezier3	32	static
../Middlewares/Third_Party/lvgl/src/misc/lv_anim.c:346:13:anim_timer	32	static
../Middlewares/Third_Party/lvgl/src/misc/lv_anim.c:426:13:anim_completed_handler	24	static
../Middlewares/Third_Party/lvgl/src/misc/lv_anim.c:471:13:anim_mark_list_change	8	static
../Middlewares/Third_Party/lvgl/src/misc/lv_anim.c:480:16:lv_anim_path_cubic_bezier	48	static
../Middlewares/Third_Party/lvgl/src/misc/lv_anim.c:494:17:convert_speed_to_time	48	static
../Middlewares/Third_Party/lvgl/src/misc/lv_anim.c:508:13:resolve_time	16	static
../Middlewares/Third_Party/lvgl/src/misc/lv_anim.c:522:13:remove_concurrent_anims	24	static
