../Drivers/CMSIS/Include/core_cm7.h:2464:22:SCB_InvalidateDCache_by_Addr	32	static,ignoring_inline_asm
../LWIP/Target/ethernetif.c:169:6:HAL_ETH_RxCpltCallback	16	static
../LWIP/Target/ethernetif.c:178:6:HAL_ETH_TxCpltCallback	16	static
../LWIP/Target/ethernetif.c:187:6:HAL_ETH_ErrorCallback	16	static
../LWIP/Target/ethernetif.c:209:13:low_level_init	224	static
../LWIP/Target/ethernetif.c:386:14:low_level_output	80	static
../LWIP/Target/ethernetif.c:444:22:low_level_input	24	static
../LWIP/Target/ethernetif.c:465:13:ethernetif_input	24	static
../LWIP/Target/ethernetif.c:522:7:ethernetif_init	16	static
../LWIP/Target/ethernetif.c:573:6:pbuf_free_custom	24	static
../LWIP/Target/ethernetif.c:596:7:sys_now	8	static
../LWIP/Target/ethernetif.c:609:6:HAL_ETH_MspInit	64	static
../LWIP/Target/ethernetif.c:664:6:HAL_ETH_MspDeInit	16	static
../LWIP/Target/ethernetif.c:708:9:ETH_PHY_IO_Init	8	static
../LWIP/Target/ethernetif.c:725:9:ETH_PHY_IO_DeInit	4	static
../LWIP/Target/ethernetif.c:737:9:ETH_PHY_IO_ReadReg	24	static
../LWIP/Target/ethernetif.c:754:9:ETH_PHY_IO_WriteReg	24	static
../LWIP/Target/ethernetif.c:768:9:ETH_PHY_IO_GetTick	8	static
../LWIP/Target/ethernetif.c:778:6:ethernet_link_thread	136	static
../LWIP/Target/ethernetif.c:848:6:HAL_ETH_RxAllocateCallback	32	static
../LWIP/Target/ethernetif.c:870:6:HAL_ETH_RxLinkCallback	40	static
../LWIP/Target/ethernetif.c:910:6:HAL_ETH_TxFreeCallback	16	static
../LWIP/Target/ethernetif.c:923:6:RMII_Thread	16	static
