../Middlewares/Third_Party/lvgl/src/draw/../stdlib/lv_string.h:65:20:lv_memzero	16	static
../Middlewares/Third_Party/lvgl/src/draw/lv_draw_buf.h:222:20:lv_draw_buf_has_flag	16	static
../Middlewares/Third_Party/lvgl/src/draw/../draw/../misc/lv_ll.h:85:20:_lv_ll_clear	16	static
../Middlewares/Third_Party/lvgl/src/draw/lv_image_decoder.c:69:6:_lv_image_decoder_init	8	static
../Middlewares/Third_Party/lvgl/src/draw/lv_image_decoder.c:96:6:_lv_image_decoder_deinit	8	static
../Middlewares/Third_Party/lvgl/src/draw/lv_image_decoder.c:108:13:lv_image_decoder_get_info	24	static
../Middlewares/Third_Party/lvgl/src/draw/lv_image_decoder.c:116:13:lv_image_decoder_open	32	static
../Middlewares/Third_Party/lvgl/src/draw/lv_image_decoder.c:154:13:lv_image_decoder_get_area	40	static
../Middlewares/Third_Party/lvgl/src/draw/lv_image_decoder.c:163:6:lv_image_decoder_close	16	static
../Middlewares/Third_Party/lvgl/src/draw/lv_image_decoder.c:174:22:lv_image_decoder_create	16	static
../Middlewares/Third_Party/lvgl/src/draw/lv_image_decoder.c:186:6:lv_image_decoder_delete	16	static
../Middlewares/Third_Party/lvgl/src/draw/lv_image_decoder.c:192:22:lv_image_decoder_get_next	16	static
../Middlewares/Third_Party/lvgl/src/draw/lv_image_decoder.c:200:6:lv_image_decoder_set_info_cb	16	static
../Middlewares/Third_Party/lvgl/src/draw/lv_image_decoder.c:205:6:lv_image_decoder_set_open_cb	16	static
../Middlewares/Third_Party/lvgl/src/draw/lv_image_decoder.c:210:6:lv_image_decoder_set_get_area_cb	16	static
../Middlewares/Third_Party/lvgl/src/draw/lv_image_decoder.c:215:6:lv_image_decoder_set_close_cb	16	static
../Middlewares/Third_Party/lvgl/src/draw/lv_image_decoder.c:220:6:lv_image_decoder_set_cache_free_cb	16	static
../Middlewares/Third_Party/lvgl/src/draw/lv_image_decoder.c:250:17:lv_image_decoder_post_process	32	static
../Middlewares/Third_Party/lvgl/src/draw/lv_image_decoder.c:298:29:image_decoder_get_info	32	static
../Middlewares/Third_Party/lvgl/src/draw/lv_image_decoder.c:363:17:img_width_to_stride	24	static
