../Middlewares/Third_Party/lvgl/examples/widgets/canvas/../../../src/core/../misc/../font/../draw/../misc/lv_color.h:286:26:lv_color_make	24	static
../Middlewares/Third_Party/lvgl/examples/widgets/canvas/../../../src/core/../misc/../font/../draw/../misc/lv_color.h:318:26:lv_color_hex3	24	static
../Middlewares/Third_Party/lvgl/examples/widgets/canvas/../../../src/core/../misc/../font/../draw/../misc/lv_color.h:413:26:lv_color_white	16	static
../Middlewares/Third_Party/lvgl/examples/widgets/canvas/../../../src/core/../misc/../font/../draw/lv_draw_buf.h:248:20:lv_draw_buf_to_image	16	static
../Middlewares/Third_Party/lvgl/examples/widgets/canvas/../../../src/core/../display/lv_display.h:392:26:lv_screen_active	8	static
../Middlewares/Third_Party/lvgl/examples/widgets/canvas/../../../src/core/lv_obj_pos.h:184:20:lv_obj_center	16	static
../Middlewares/Third_Party/lvgl/examples/widgets/canvas/lv_example_canvas_1.c:7:6:lv_example_canvas_1	440	static
