../Middlewares/Third_Party/lvgl/src/display/../misc/lv_ll.h:85:20:_lv_ll_clear	16	static
../Middlewares/Third_Party/lvgl/src/display/../draw/../misc/../font/../draw/../stdlib/lv_string.h:65:20:lv_memzero	16	static
../Middlewares/Third_Party/lvgl/src/display/../draw/../misc/lv_anim.h:197:20:lv_anim_set_var	16	static
../Middlewares/Third_Party/lvgl/src/display/../draw/../misc/lv_anim.h:209:20:lv_anim_set_exec_cb	16	static
../Middlewares/Third_Party/lvgl/src/display/../draw/../misc/lv_anim.h:219:20:lv_anim_set_duration	16	static
../Middlewares/Third_Party/lvgl/src/display/../draw/../misc/lv_anim.h:237:20:lv_anim_set_delay	16	static
../Middlewares/Third_Party/lvgl/src/display/../draw/../misc/lv_anim.h:248:20:lv_anim_set_values	24	static
../Middlewares/Third_Party/lvgl/src/display/../draw/../misc/lv_anim.h:283:20:lv_anim_set_start_cb	16	static
../Middlewares/Third_Party/lvgl/src/display/../draw/../misc/lv_anim.h:304:20:lv_anim_set_completed_cb	16	static
../Middlewares/Third_Party/lvgl/src/display/lv_display.h:392:26:lv_screen_active	8	static
../Middlewares/Third_Party/lvgl/src/display/lv_display.c:57:16:lv_display_create	40	static
../Middlewares/Third_Party/lvgl/src/display/lv_display.c:145:6:lv_display_delete	24	static
../Middlewares/Third_Party/lvgl/src/display/lv_display.c:197:6:lv_display_set_default	16	static
../Middlewares/Third_Party/lvgl/src/display/lv_display.c:202:16:lv_display_get_default	4	static
../Middlewares/Third_Party/lvgl/src/display/lv_display.c:207:16:lv_display_get_next	16	static
../Middlewares/Third_Party/lvgl/src/display/lv_display.c:219:6:lv_display_set_resolution	24	static
../Middlewares/Third_Party/lvgl/src/display/lv_display.c:232:6:lv_display_set_physical_resolution	24	static
../Middlewares/Third_Party/lvgl/src/display/lv_display.c:244:6:lv_display_set_offset	24	static
../Middlewares/Third_Party/lvgl/src/display/lv_display.c:256:6:lv_display_set_dpi	16	static
../Middlewares/Third_Party/lvgl/src/display/lv_display.c:264:9:lv_display_get_horizontal_resolution	16	static
../Middlewares/Third_Party/lvgl/src/display/lv_display.c:282:9:lv_display_get_vertical_resolution	16	static
../Middlewares/Third_Party/lvgl/src/display/lv_display.c:300:9:lv_display_get_physical_horizontal_resolution	16	static
../Middlewares/Third_Party/lvgl/src/display/lv_display.c:318:9:lv_display_get_physical_vertical_resolution	16	static
../Middlewares/Third_Party/lvgl/src/display/lv_display.c:336:9:lv_display_get_offset_x	16	static
../Middlewares/Third_Party/lvgl/src/display/lv_display.c:357:9:lv_display_get_offset_y	16	static
../Middlewares/Third_Party/lvgl/src/display/lv_display.c:378:9:lv_display_get_dpi	16	static
../Middlewares/Third_Party/lvgl/src/display/lv_display.c:389:6:lv_display_set_draw_buffers	24	static
../Middlewares/Third_Party/lvgl/src/display/lv_display.c:399:6:lv_display_set_buffers	56	static
../Middlewares/Third_Party/lvgl/src/display/lv_display.c:430:6:lv_display_set_render_mode	16	static
../Middlewares/Third_Party/lvgl/src/display/lv_display.c:437:6:lv_display_set_flush_cb	16	static
../Middlewares/Third_Party/lvgl/src/display/lv_display.c:445:6:lv_display_set_flush_wait_cb	16	static
../Middlewares/Third_Party/lvgl/src/display/lv_display.c:453:6:lv_display_set_color_format	16	static
../Middlewares/Third_Party/lvgl/src/display/lv_display.c:464:19:lv_display_get_color_format	16	static
../Middlewares/Third_Party/lvgl/src/display/lv_display.c:472:6:lv_display_set_antialiasing	16	static
../Middlewares/Third_Party/lvgl/src/display/lv_display.c:480:6:lv_display_get_antialiasing	16	static
../Middlewares/Third_Party/lvgl/src/display/lv_display.c:488:31:lv_display_flush_ready	16	static
../Middlewares/Third_Party/lvgl/src/display/lv_display.c:493:31:lv_display_flush_is_last	16	static
../Middlewares/Third_Party/lvgl/src/display/lv_display.c:498:6:lv_display_is_double_buffered	16	static
../Middlewares/Third_Party/lvgl/src/display/lv_display.c:507:12:lv_display_get_screen_active	16	static
../Middlewares/Third_Party/lvgl/src/display/lv_display.c:518:12:lv_display_get_screen_prev	16	static
../Middlewares/Third_Party/lvgl/src/display/lv_display.c:529:12:lv_display_get_layer_top	16	static
../Middlewares/Third_Party/lvgl/src/display/lv_display.c:540:12:lv_display_get_layer_sys	16	static
../Middlewares/Third_Party/lvgl/src/display/lv_display.c:551:12:lv_display_get_layer_bottom	16	static
../Middlewares/Third_Party/lvgl/src/display/lv_display.c:562:6:lv_screen_load	24	static
../Middlewares/Third_Party/lvgl/src/display/lv_display.c:567:6:lv_screen_load_anim	208	static
../Middlewares/Third_Party/lvgl/src/display/lv_display.c:719:6:lv_display_add_event_cb	24	static
../Middlewares/Third_Party/lvgl/src/display/lv_display.c:726:10:lv_display_get_event_count	16	static
../Middlewares/Third_Party/lvgl/src/display/lv_display.c:732:18:lv_display_get_event_dsc	16	static
../Middlewares/Third_Party/lvgl/src/display/lv_display.c:739:6:lv_display_delete_event	16	static
../Middlewares/Third_Party/lvgl/src/display/lv_display.c:746:10:lv_display_remove_event_cb_with_user_data	40	static
../Middlewares/Third_Party/lvgl/src/display/lv_display.c:765:13:lv_display_send_event	56	static
../Middlewares/Third_Party/lvgl/src/display/lv_display.c:784:6:lv_display_set_rotation	16	static
../Middlewares/Third_Party/lvgl/src/display/lv_display.c:793:23:lv_display_get_rotation	16	static
../Middlewares/Third_Party/lvgl/src/display/lv_display.c:800:6:lv_display_set_theme	16	static
../Middlewares/Third_Party/lvgl/src/display/lv_display.c:818:14:lv_display_get_theme	16	static
../Middlewares/Third_Party/lvgl/src/display/lv_display.c:824:10:lv_display_get_inactive_time	32	static
../Middlewares/Third_Party/lvgl/src/display/lv_display.c:840:6:lv_display_trigger_activity	16	static
../Middlewares/Third_Party/lvgl/src/display/lv_display.c:851:6:lv_display_enable_invalidation	16	static
../Middlewares/Third_Party/lvgl/src/display/lv_display.c:862:6:lv_display_is_invalidation_enabled	16	static
../Middlewares/Third_Party/lvgl/src/display/lv_display.c:873:14:lv_display_get_refr_timer	16	static
../Middlewares/Third_Party/lvgl/src/display/lv_display.c:881:6:lv_display_delete_refr_timer	16	static
../Middlewares/Third_Party/lvgl/src/display/lv_display.c:890:6:lv_display_set_user_data	16	static
../Middlewares/Third_Party/lvgl/src/display/lv_display.c:897:6:lv_display_set_driver_data	16	static
../Middlewares/Third_Party/lvgl/src/display/lv_display.c:905:8:lv_display_get_user_data	16	static
../Middlewares/Third_Party/lvgl/src/display/lv_display.c:912:8:lv_display_get_driver_data	16	static
../Middlewares/Third_Party/lvgl/src/display/lv_display.c:924:13:update_resolution	48	static
../Middlewares/Third_Party/lvgl/src/display/lv_display.c:960:31:invalidate_layout_cb	16	static
../Middlewares/Third_Party/lvgl/src/display/lv_display.c:967:13:scr_load_internal	24	static
../Middlewares/Third_Party/lvgl/src/display/lv_display.c:990:13:scr_load_anim_start	24	static
../Middlewares/Third_Party/lvgl/src/display/lv_display.c:1000:13:opa_scale_anim	16	static
../Middlewares/Third_Party/lvgl/src/display/lv_display.c:1005:13:set_x_anim	16	static
../Middlewares/Third_Party/lvgl/src/display/lv_display.c:1010:13:set_y_anim	16	static
../Middlewares/Third_Party/lvgl/src/display/lv_display.c:1015:13:scr_anim_completed	24	static
../Middlewares/Third_Party/lvgl/src/display/lv_display.c:1030:13:is_out_anim	16	static
../Middlewares/Third_Party/lvgl/src/display/lv_display.c:1039:13:disp_event_cb	24	static
