../Drivers/CMSIS/Include/core_cm7.h:2229:22:SCB_EnableICache	4	static,ignoring_inline_asm
../Drivers/CMSIS/Include/core_cm7.h:2281:22:SCB_EnableDCache	24	static,ignoring_inline_asm
../Core/Src/main.c:148:5:main	104	static
../Core/Src/main.c:320:6:SystemClock_Config	88	static
../Core/Src/main.c:377:6:PeriphCommonClock_Config	144	static
../Core/Src/main.c:405:13:MX_ADC3_Init	24	static
../Core/Src/main.c:457:13:MX_CRC_Init	8	static
../Core/Src/main.c:488:13:MX_DCMI_Init	8	static
../Core/Src/main.c:525:13:MX_DMA2D_Init	8	static
../Core/Src/main.c:562:13:MX_I2C1_Init	8	static
../Core/Src/main.c:610:13:MX_I2C3_Init	8	static
../Core/Src/main.c:658:13:MX_LTDC_Init	64	static
../Core/Src/main.c:720:13:MX_QUADSPI_Init	8	static
../Core/Src/main.c:755:13:MX_RTC_Init	72	static
../Core/Src/main.c:851:13:MX_SAI2_Init	8	static
../Core/Src/main.c:926:13:MX_SDMMC1_SD_Init	8	static
../Core/Src/main.c:962:13:MX_SPDIFRX_Init	8	static
../Core/Src/main.c:998:13:MX_SPI2_Init	8	static
../Core/Src/main.c:1038:13:MX_TIM1_Init	112	static
../Core/Src/main.c:1118:13:MX_TIM2_Init	64	static
../Core/Src/main.c:1177:13:MX_TIM3_Init	64	static
../Core/Src/main.c:1236:13:MX_TIM5_Init	64	static
../Core/Src/main.c:1295:13:MX_TIM8_Init	40	static
../Core/Src/main.c:1342:13:MX_TIM12_Init	40	static
../Core/Src/main.c:1384:13:MX_USART1_UART_Init	8	static
../Core/Src/main.c:1419:13:MX_USART6_UART_Init	8	static
../Core/Src/main.c:1450:13:MX_FMC_Init	40	static
../Core/Src/main.c:1501:13:MX_GPIO_Init	72	static
../Core/Src/main.c:1660:6:vApplicationIdleHook	4	static
../Core/Src/main.c:1674:6:StartDefaultTask	136	static
../Core/Src/main.c:1805:6:MPU_Config	24	static
../Core/Src/main.c:1851:6:HAL_TIM_PeriodElapsedCallback	16	static
../Core/Src/main.c:1868:6:Error_Handler	4	static,ignoring_inline_asm
