../Drivers/CMSIS/Include/core_cm7.h:2229:22:SCB_EnableICache	4	static,ignoring_inline_asm
../Drivers/CMSIS/Include/core_cm7.h:2281:22:SCB_EnableDCache	24	static,ignoring_inline_asm
../Core/Src/main.c:157:5:main	120	static
../Core/Src/main.c:337:6:SystemClock_Config	88	static
../Core/Src/main.c:394:6:PeriphCommonClock_Config	144	static
../Core/Src/main.c:422:13:MX_ADC3_Init	24	static
../Core/Src/main.c:474:13:MX_CRC_Init	8	static
../Core/Src/main.c:505:13:MX_DCMI_Init	8	static
../Core/Src/main.c:542:13:MX_DMA2D_Init	8	static
../Core/Src/main.c:579:13:MX_I2C1_Init	8	static
../Core/Src/main.c:627:13:MX_I2C3_Init	8	static
../Core/Src/main.c:675:13:MX_LTDC_Init	64	static
../Core/Src/main.c:737:13:MX_QUADSPI_Init	8	static
../Core/Src/main.c:772:13:MX_RTC_Init	72	static
../Core/Src/main.c:868:13:MX_SAI2_Init	8	static
../Core/Src/main.c:943:13:MX_SDMMC1_SD_Init	8	static
../Core/Src/main.c:979:13:MX_SPDIFRX_Init	8	static
../Core/Src/main.c:1015:13:MX_SPI2_Init	8	static
../Core/Src/main.c:1055:13:MX_TIM1_Init	112	static
../Core/Src/main.c:1135:13:MX_TIM2_Init	64	static
../Core/Src/main.c:1194:13:MX_TIM3_Init	64	static
../Core/Src/main.c:1253:13:MX_TIM5_Init	64	static
../Core/Src/main.c:1312:13:MX_TIM8_Init	40	static
../Core/Src/main.c:1359:13:MX_TIM12_Init	40	static
../Core/Src/main.c:1401:13:MX_USART1_UART_Init	8	static
../Core/Src/main.c:1436:13:MX_USART6_UART_Init	8	static
../Core/Src/main.c:1467:13:MX_FMC_Init	40	static
../Core/Src/main.c:1518:13:MX_GPIO_Init	72	static
../Core/Src/main.c:1677:6:vApplicationIdleHook	4	static
../Core/Src/main.c:1691:6:StartDefaultTask	232	static
../Core/Src/main.c:1909:6:MPU_Config	24	static
../Core/Src/main.c:1955:6:HAL_TIM_PeriodElapsedCallback	16	static
../Core/Src/main.c:1972:6:Error_Handler	4	static,ignoring_inline_asm
