../Core/Src/stm32f7xx_it.c:74:6:NMI_Handler	4	static
../Core/Src/stm32f7xx_it.c:89:6:HardFault_Handler	4	static
../Core/Src/stm32f7xx_it.c:104:6:MemManage_Handler	4	static
../Core/Src/stm32f7xx_it.c:119:6:BusFault_Handler	4	static
../Core/Src/stm32f7xx_it.c:134:6:UsageFault_Handler	4	static
../Core/Src/stm32f7xx_it.c:149:6:DebugMon_Handler	4	static
../Core/Src/stm32f7xx_it.c:169:6:TIM6_DAC_IRQHandler	8	static
../Core/Src/stm32f7xx_it.c:184:6:ETH_IRQHandler	8	static
../Core/Src/stm32f7xx_it.c:198:6:OTG_FS_IRQHandler	8	static
../Core/Src/stm32f7xx_it.c:212:6:LTDC_IRQHandler	8	static
../Core/Src/stm32f7xx_it.c:226:6:DMA2D_IRQHandler	8	static
../Core/Src/stm32f7xx_it.c:238:6:WWDG_IRQHandler	4	static
../Core/Src/stm32f7xx_it.c:246:6:PVD_IRQHandler	4	static
../Core/Src/stm32f7xx_it.c:255:6:TAMP_STAMP_IRQHandler	4	static
../Core/Src/stm32f7xx_it.c:263:6:RTC_WKUP_IRQHandler	4	static
../Core/Src/stm32f7xx_it.c:271:6:FLASH_IRQHandler	4	static
../Core/Src/stm32f7xx_it.c:279:6:RCC_IRQHandler	4	static
../Core/Src/stm32f7xx_it.c:287:6:EXTI0_IRQHandler	4	static
../Core/Src/stm32f7xx_it.c:294:6:EXTI1_IRQHandler	4	static
../Core/Src/stm32f7xx_it.c:302:6:EXTI2_IRQHandler	4	static
../Core/Src/stm32f7xx_it.c:310:6:EXTI3_IRQHandler	4	static
../Core/Src/stm32f7xx_it.c:318:6:EXTI4_IRQHandler	4	static
../Core/Src/stm32f7xx_it.c:326:6:DMA1_Stream0_IRQHandler	4	static
../Core/Src/stm32f7xx_it.c:334:6:DMA1_Stream1_IRQHandler	4	static
../Core/Src/stm32f7xx_it.c:342:6:DMA1_Stream2_IRQHandler	4	static
../Core/Src/stm32f7xx_it.c:350:6:DMA1_Stream3_IRQHandler	4	static
../Core/Src/stm32f7xx_it.c:358:6:DMA1_Stream4_IRQHandler	4	static
../Core/Src/stm32f7xx_it.c:366:6:DMA1_Stream5_IRQHandler	4	static
../Core/Src/stm32f7xx_it.c:374:6:DMA1_Stream6_IRQHandler	4	static
../Core/Src/stm32f7xx_it.c:382:6:ADC_IRQHandler	4	static
../Core/Src/stm32f7xx_it.c:390:6:CAN1_TX_IRQHandler	4	static
../Core/Src/stm32f7xx_it.c:398:6:CAN1_RX0_IRQHandler	4	static
../Core/Src/stm32f7xx_it.c:406:6:CAN1_RX1_IRQHandler	4	static
../Core/Src/stm32f7xx_it.c:414:6:CAN1_SCE_IRQHandler	4	static
../Core/Src/stm32f7xx_it.c:422:6:EXTI9_5_IRQHandler	4	static
../Core/Src/stm32f7xx_it.c:430:6:TIM1_BRK_TIM9_IRQHandler	4	static
../Core/Src/stm32f7xx_it.c:438:6:TIM1_UP_TIM10_IRQHandler	4	static
../Core/Src/stm32f7xx_it.c:446:6:TIM1_TRG_COM_TIM11_IRQHandler	4	static
../Core/Src/stm32f7xx_it.c:454:6:TIM1_CC_IRQHandler	4	static
../Core/Src/stm32f7xx_it.c:462:6:TIM2_IRQHandler	4	static
../Core/Src/stm32f7xx_it.c:470:6:TIM3_IRQHandler	4	static
../Core/Src/stm32f7xx_it.c:478:6:TIM4_IRQHandler	4	static
../Core/Src/stm32f7xx_it.c:486:6:I2C1_EV_IRQHandler	4	static
../Core/Src/stm32f7xx_it.c:494:6:I2C1_ER_IRQHandler	4	static
../Core/Src/stm32f7xx_it.c:502:6:I2C2_EV_IRQHandler	4	static
../Core/Src/stm32f7xx_it.c:510:6:I2C2_ER_IRQHandler	4	static
../Core/Src/stm32f7xx_it.c:518:6:SPI1_IRQHandler	4	static
../Core/Src/stm32f7xx_it.c:526:6:SPI2_IRQHandler	4	static
../Core/Src/stm32f7xx_it.c:534:7:USART1_IRQHandler	4	static
../Core/Src/stm32f7xx_it.c:542:6:USART2_IRQHandler	4	static
../Core/Src/stm32f7xx_it.c:550:6:USART3_IRQHandler	4	static
../Core/Src/stm32f7xx_it.c:558:6:EXTI15_10_IRQHandler	4	static
../Core/Src/stm32f7xx_it.c:566:6:RTC_Alarm_IRQHandler	4	static
../Core/Src/stm32f7xx_it.c:574:6:OTG_FS_WKUP_IRQHandler	4	static
../Core/Src/stm32f7xx_it.c:582:6:TIM8_BRK_TIM12_IRQHandler	4	static
../Core/Src/stm32f7xx_it.c:590:6:TIM8_UP_TIM13_IRQHandler	4	static
../Core/Src/stm32f7xx_it.c:598:6:TIM8_TRG_COM_TIM14_IRQHandler	4	static
../Core/Src/stm32f7xx_it.c:606:6:TIM8_CC_IRQHandler	4	static
../Core/Src/stm32f7xx_it.c:614:6:DMA1_Stream7_IRQHandler	4	static
../Core/Src/stm32f7xx_it.c:622:6:FMC_IRQHandler	4	static
../Core/Src/stm32f7xx_it.c:630:6:SDMMC1_IRQHandler	4	static
../Core/Src/stm32f7xx_it.c:638:6:TIM5_IRQHandler	4	static
../Core/Src/stm32f7xx_it.c:645:6:SPI3_IRQHandler	4	static
../Core/Src/stm32f7xx_it.c:653:6:UART4_IRQHandler	4	static
../Core/Src/stm32f7xx_it.c:661:8:UART5_IRQHandler	4	static
../Core/Src/stm32f7xx_it.c:670:6:TIM7_IRQHandler	4	static
../Core/Src/stm32f7xx_it.c:678:6:DMA2_Stream0_IRQHandler	4	static
../Core/Src/stm32f7xx_it.c:688:6:DMA2_Stream2_IRQHandler	4	static
../Core/Src/stm32f7xx_it.c:696:6:DMA2_Stream3_IRQHandler	4	static
../Core/Src/stm32f7xx_it.c:704:6:DMA2_Stream4_IRQHandler	4	static
../Core/Src/stm32f7xx_it.c:713:6:USART6_IRQHandler	4	static
