../Drivers/BSP/STM32746G-Discovery/stm32746g_discovery_camera.c:150:9:BSP_CAMERA_Init	32	static
../Drivers/BSP/STM32746G-Discovery/stm32746g_discovery_camera.c:219:9:BSP_CAMERA_DeInit	8	static
../Drivers/BSP/STM32746G-Discovery/stm32746g_discovery_camera.c:233:19:BSP_CAMERA_ContinuousStart	32	static
../Drivers/BSP/STM32746G-Discovery/stm32746g_discovery_camera.c:250:19:BSP_CAMERA_SnapshotStart	32	static
../Drivers/BSP/STM32746G-Discovery/stm32746g_discovery_camera.c:265:6:BSP_CAMERA_Suspend	8	static
../Drivers/BSP/STM32746G-Discovery/stm32746g_discovery_camera.c:275:6:BSP_CAMERA_Resume	8	static
../Drivers/BSP/STM32746G-Discovery/stm32746g_discovery_camera.c:285:9:BSP_CAMERA_Stop	16	static
../Drivers/BSP/STM32746G-Discovery/stm32746g_discovery_camera.c:304:6:BSP_CAMERA_PwrUp	32	static
../Drivers/BSP/STM32746G-Discovery/stm32746g_discovery_camera.c:329:6:BSP_CAMERA_PwrDown	32	static
../Drivers/BSP/STM32746G-Discovery/stm32746g_discovery_camera.c:366:6:BSP_CAMERA_ContrastBrightnessConfig	24	static
../Drivers/BSP/STM32746G-Discovery/stm32746g_discovery_camera.c:384:6:BSP_CAMERA_BlackWhiteConfig	24	static
../Drivers/BSP/STM32746G-Discovery/stm32746g_discovery_camera.c:402:6:BSP_CAMERA_ColorEffectConfig	24	static
../Drivers/BSP/STM32746G-Discovery/stm32746g_discovery_camera.c:415:17:GetSize	24	static
../Drivers/BSP/STM32746G-Discovery/stm32746g_discovery_camera.c:457:13:BSP_CAMERA_MspInit	64	static
../Drivers/BSP/STM32746G-Discovery/stm32746g_discovery_camera.c:554:13:BSP_CAMERA_MspDeInit	16	static
../Drivers/BSP/STM32746G-Discovery/stm32746g_discovery_camera.c:577:6:HAL_DCMI_LineEventCallback	16	static
../Drivers/BSP/STM32746G-Discovery/stm32746g_discovery_camera.c:586:13:BSP_CAMERA_LineEventCallback	4	static
../Drivers/BSP/STM32746G-Discovery/stm32746g_discovery_camera.c:598:6:HAL_DCMI_VsyncEventCallback	16	static
../Drivers/BSP/STM32746G-Discovery/stm32746g_discovery_camera.c:607:13:BSP_CAMERA_VsyncEventCallback	4	static
../Drivers/BSP/STM32746G-Discovery/stm32746g_discovery_camera.c:619:6:HAL_DCMI_FrameEventCallback	16	static
../Drivers/BSP/STM32746G-Discovery/stm32746g_discovery_camera.c:628:13:BSP_CAMERA_FrameEventCallback	4	static
../Drivers/BSP/STM32746G-Discovery/stm32746g_discovery_camera.c:640:6:HAL_DCMI_ErrorCallback	16	static
../Drivers/BSP/STM32746G-Discovery/stm32746g_discovery_camera.c:649:13:BSP_CAMERA_ErrorCallback	4	static
../Drivers/BSP/STM32746G-Discovery/stm32746g_discovery_camera.c:658:6:DCMI_IRQHandler	8	static
../Drivers/BSP/STM32746G-Discovery/stm32746g_discovery_camera.c:664:6:DMA2_Stream1_IRQHandler	8	static
