../Drivers/BSP/STM32746G-Discovery/stm32746g_discovery_lcd.c:148:9:BSP_LCD_Init	8	static
../Drivers/BSP/STM32746G-Discovery/stm32746g_discovery_lcd.c:210:9:BSP_LCD_DeInit	8	static
../Drivers/BSP/STM32746G-Discovery/stm32746g_discovery_lcd.c:231:10:BSP_LCD_GetXSize	4	static
../Drivers/BSP/STM32746G-Discovery/stm32746g_discovery_lcd.c:240:10:BSP_LCD_GetYSize	4	static
../Drivers/BSP/STM32746G-Discovery/stm32746g_discovery_lcd.c:250:6:BSP_LCD_SetXSize	16	static
../Drivers/BSP/STM32746G-Discovery/stm32746g_discovery_lcd.c:260:6:BSP_LCD_SetYSize	16	static
../Drivers/BSP/STM32746G-Discovery/stm32746g_discovery_lcd.c:271:6:BSP_LCD_LayerDefaultInit	72	static
../Drivers/BSP/STM32746G-Discovery/stm32746g_discovery_lcd.c:305:6:BSP_LCD_LayerRgb565Init	72	static
../Drivers/BSP/STM32746G-Discovery/stm32746g_discovery_lcd.c:338:6:BSP_LCD_SelectLayer	16	static
../Drivers/BSP/STM32746G-Discovery/stm32746g_discovery_lcd.c:352:6:BSP_LCD_SetLayerVisible	16	static
../Drivers/BSP/STM32746G-Discovery/stm32746g_discovery_lcd.c:372:6:BSP_LCD_SetTransparency	16	static
../Drivers/BSP/STM32746G-Discovery/stm32746g_discovery_lcd.c:383:6:BSP_LCD_SetLayerAddress	16	static
../Drivers/BSP/STM32746G-Discovery/stm32746g_discovery_lcd.c:397:6:BSP_LCD_SetLayerWindow	24	static
../Drivers/BSP/STM32746G-Discovery/stm32746g_discovery_lcd.c:412:6:BSP_LCD_SetColorKeying	16	static
../Drivers/BSP/STM32746G-Discovery/stm32746g_discovery_lcd.c:424:6:BSP_LCD_ResetColorKeying	16	static
../Drivers/BSP/STM32746G-Discovery/stm32746g_discovery_lcd.c:435:6:BSP_LCD_SetTextColor	16	static
../Drivers/BSP/STM32746G-Discovery/stm32746g_discovery_lcd.c:444:10:BSP_LCD_GetTextColor	4	static
../Drivers/BSP/STM32746G-Discovery/stm32746g_discovery_lcd.c:454:6:BSP_LCD_SetBackColor	16	static
../Drivers/BSP/STM32746G-Discovery/stm32746g_discovery_lcd.c:463:10:BSP_LCD_GetBackColor	4	static
../Drivers/BSP/STM32746G-Discovery/stm32746g_discovery_lcd.c:473:6:BSP_LCD_SetFont	16	static
../Drivers/BSP/STM32746G-Discovery/stm32746g_discovery_lcd.c:482:8:BSP_LCD_GetFont	4	static
../Drivers/BSP/STM32746G-Discovery/stm32746g_discovery_lcd.c:493:10:BSP_LCD_ReadPixel	32	static
../Drivers/BSP/STM32746G-Discovery/stm32746g_discovery_lcd.c:528:6:BSP_LCD_Clear	40	static
../Drivers/BSP/STM32746G-Discovery/stm32746g_discovery_lcd.c:539:6:BSP_LCD_ClearStringLine	32	static
../Drivers/BSP/STM32746G-Discovery/stm32746g_discovery_lcd.c:559:6:BSP_LCD_DisplayChar	24	static
../Drivers/BSP/STM32746G-Discovery/stm32746g_discovery_lcd.c:577:6:BSP_LCD_DisplayStringAt	48	static
../Drivers/BSP/STM32746G-Discovery/stm32746g_discovery_lcd.c:638:6:BSP_LCD_DisplayStringAtLine	16	static
../Drivers/BSP/STM32746G-Discovery/stm32746g_discovery_lcd.c:650:6:BSP_LCD_DrawHLine	40	static
../Drivers/BSP/STM32746G-Discovery/stm32746g_discovery_lcd.c:675:6:BSP_LCD_DrawVLine	48	static
../Drivers/BSP/STM32746G-Discovery/stm32746g_discovery_lcd.c:701:6:BSP_LCD_DrawLine	56	static
../Drivers/BSP/STM32746G-Discovery/stm32746g_discovery_lcd.c:776:6:BSP_LCD_DrawRect	24	static
../Drivers/BSP/STM32746G-Discovery/stm32746g_discovery_lcd.c:794:6:BSP_LCD_DrawCircle	40	static
../Drivers/BSP/STM32746G-Discovery/stm32746g_discovery_lcd.c:841:6:BSP_LCD_DrawPolygon	32	static
../Drivers/BSP/STM32746G-Discovery/stm32746g_discovery_lcd.c:869:6:BSP_LCD_DrawEllipse	64	static
../Drivers/BSP/STM32746G-Discovery/stm32746g_discovery_lcd.c:902:6:BSP_LCD_DrawPixel	24	static
../Drivers/BSP/STM32746G-Discovery/stm32746g_discovery_lcd.c:922:6:BSP_LCD_DrawBitmap	56	static
../Drivers/BSP/STM32746G-Discovery/stm32746g_discovery_lcd.c:983:6:BSP_LCD_FillRect	48	static
../Drivers/BSP/STM32746G-Discovery/stm32746g_discovery_lcd.c:1010:6:BSP_LCD_FillCircle	32	static
../Drivers/BSP/STM32746G-Discovery/stm32746g_discovery_lcd.c:1058:6:BSP_LCD_FillPolygon	64	static
../Drivers/BSP/STM32746G-Discovery/stm32746g_discovery_lcd.c:1126:6:BSP_LCD_FillEllipse	56	static
../Drivers/BSP/STM32746G-Discovery/stm32746g_discovery_lcd.c:1156:6:BSP_LCD_DisplayOn	8	static
../Drivers/BSP/STM32746G-Discovery/stm32746g_discovery_lcd.c:1168:6:BSP_LCD_DisplayOff	8	static
../Drivers/BSP/STM32746G-Discovery/stm32746g_discovery_lcd.c:1182:13:BSP_LCD_MspInit	72	static
../Drivers/BSP/STM32746G-Discovery/stm32746g_discovery_lcd.c:1254:13:BSP_LCD_MspDeInit	40	static
../Drivers/BSP/STM32746G-Discovery/stm32746g_discovery_lcd.c:1303:13:BSP_LCD_ClockConfig	16	static
../Drivers/BSP/STM32746G-Discovery/stm32746g_discovery_lcd.c:1331:13:DrawChar	40	static
../Drivers/BSP/STM32746G-Discovery/stm32746g_discovery_lcd.c:1390:13:FillTriangle	56	static
../Drivers/BSP/STM32746G-Discovery/stm32746g_discovery_lcd.c:1468:13:LL_FillBuffer	32	static
../Drivers/BSP/STM32746G-Discovery/stm32746g_discovery_lcd.c:1506:13:LL_ConvertLineToARGB8888	32	static
