../Middlewares/Third_Party/lvgl/examples/widgets/textarea/../../../src/core/../misc/../font/../draw/../misc/lv_area.h:352:23:lv_pct	16	static
../Middlewares/Third_Party/lvgl/examples/widgets/textarea/../../../src/core/../display/lv_display.h:392:26:lv_screen_active	8	static
../Middlewares/Third_Party/lvgl/examples/widgets/textarea/lv_example_textarea_2.c:8:6:lv_example_textarea_2	40	static
../Middlewares/Third_Party/lvgl/examples/widgets/textarea/lv_example_textarea_2.c:52:13:ta_event_cb	24	static
